exports[`test Greeting displays properly 1`] = `<div />`;
